"┌Arrays────────────────────────────────────────────────────────────────────────┐"
"│Total 3.75 kWp                                                                │"
"│                                                                              │"
"│Name         | kWp      | Tilt     | Azimuth   | Direction                    │"
"│A1           | 1.50     | 30.0     | 0.0       | S                            │"
"│A2           | 2.25     | 20.0     | -90.0     | E                            │"
"│                                                                              │"
"│                                                                              │"
"│                                                                              │"
"│                                                                              │"
"│                                                                              │"
"│                                                                              │"
"│                                                                              │"
"│                                                                              │"
"│                                                                              │"
"│                                                                              │"
"│                                                                              │"
"│                                                                              │"
"│                                                                              │"
"│                                                                              │"
"│                                                                              │"
"└──────────────────────────────────────────────────────────────────────────────┘"
"Status Ready                                                                    "
"ARRAYS  [Done]  [Add]  [Remove]  arrows select  enter edit  a add  d remove  esc"
