"┌System────────────────────────────────┐┌Estimate──────────────────────────────┐"
"│Name         Custom location          ││Annual  -                             │"
"│Region                                ││Band    -                             │"
"│Latitude     40.650                   ││No estimate                           │"
"│Longitude    15.643                   ││                                      │"
"│Loss %       14.0                     ││                                      │"
"│Arrays       1.0,30.0,0.0             ││                                      │"
"│  format: kWp,tilt,az; repeat with ;  ││                                      │"
"│  total 1.00 kWp                      ││                                      │"
"│  A1  1.00 kWp  tilt 30.0  az   0.0 S ││                                      │"
"│                                      ││                                      │"
"│Location                              ││                                      │"
"│Type at least 2 characters            ││                                      │"
"│                                      ││                                      │"
"│                                      ││                                      │"
"│                                      ││                                      │"
"│                                      ││                                      │"
"│                                      ││                                      │"
"│                                      ││                                      │"
"│                                      ││                                      │"
"│                                      ││                                      │"
"└──────────────────────────────────────┘└──────────────────────────────────────┘"
"Status Ready                                                                    "
"NORMAL  arrows/tab select  enter edit  l locations  e estimate  q quit          "
