"┌[1] System────────────────────────────┐┌[3] Simulation────────────────────────┐"
"│Name         Custom location          ││Runs         10000                    │"
"│Region                                ││Run          [Run]                    │"
"│Latitude     40.650                   ││                                      │"
"│Longitude    15.643                   ││Status     Select Run or press r      │"
"│Loss %       14.0                     ││Import     -                          │"
"│EUR/kWh                               ││Export     -                          │"
"│Storage kWh                           ││Self use   -                          │"
"│Arrays       [Edit]  1 array          ││                                      │"
"│  total 1.00 kWp                      ││                                      │"
"└──────────────────────────────────────┘└──────────────────────────────────────┘"
"┌[2] Consumer──────────────────────────┐┌[4] Estimate──────────────────────────┐"
"│Annual kWh   4200                     ││Annual kWh -                          │"
"│Daily kWh                             ││No estimate                           │"
"│Shape        [Edit]  preset           ││                                      │"
"│                                      ││                                      │"
"│                                      ││                                      │"
"│                                      ││                                      │"
"│                                      ││                                      │"
"│                                      ││                                      │"
"│                                      ││                                      │"
"└──────────────────────────────────────┘└──────────────────────────────────────┘"
"Status Simulation panel shown                                                   "
"NORMAL  1-4 panels  tab focus  enter edit/run  e estimate  r simulate  q/esc    "
