"┌[1] System────────────────────────────┐┌[3] Simulation────────────────────────┐"
"│Name         Custom location          ││Runs       10000                      │"
"│Region                                ││Import     -                          │"
"│Latitude     40.650                   ││Export     -                          │"
"│Longitude    15.643                   ││Self use   -                          │"
"│Loss %       14.0                     ││                                      │"
"│EUR/kWh                               ││                                      │"
"│Storage kWh                           ││                                      │"
"│Arrays       [Edit]  1 array          ││                                      │"
"│  total 1.00 kWp                      ││                                      │"
"└──────────────────────────────────────┘└──────────────────────────────────────┘"
"┌[2] Consumer──────────────────────────┐┌[4] Estimate──────────────────────────┐"
"│Annual kWh   4200                     ││Annual kWh -                          │"
"│Daily kWh                             ││No estimate                           │"
"│Shape        residential_default      ││                                      │"
"│                                      ││                                      │"
"│                                      ││                                      │"
"│                                      ││                                      │"
"│                                      ││                                      │"
"│                                      ││                                      │"
"│                                      ││                                      │"
"└──────────────────────────────────────┘└──────────────────────────────────────┘"
"Status Simulation panel shown                                                   "
"NORMAL  1-4 panels  tab/arrows focus  up/down fields  enter edit  e estimate  q "
