"┌Location Search───────────────────────────────────────────────────────────────┐"
"│Search  Milan                                                                 │"
"│                                                                              │"
"│City               CC       Lat       Lon                                     │"
"│  Milan            IT   45.464     9.190                                      │"
"│  Syracuse         US   43.048   -76.147                                      │"
"│  Milan            US   35.920   -88.759                                      │"
"│  Milán            CO    1.290   -75.508                                      │"
"│  Milan            US   42.085   -83.682                                      │"
"│  Canal Fulton     US   40.890   -81.598                                      │"
"│  Milan            US   41.453   -90.572                                      │"
"│  Milan            US   35.170  -107.891                                      │"
"│  Milan            US   39.121   -85.131                                      │"
"│  Milan            US   40.202   -93.125                                      │"
"│  Milan            US   44.573   -71.185                                      │"
"│  Milan            US   41.298   -82.605                                      │"
"│  Milange          MZ  -16.099    35.770                                      │"
"│  Milanówek        PL   52.119    20.672                                      │"
"│  Milano Due       IT   45.500     9.266                                      │"
"│  Milano Marittima IT   44.274    12.352                                      │"
"│  Milanovac        HR   45.800    17.387                                      │"
"└──────────────────────────────────────────────────────────────────────────────┘"
"Status Ready                                                                    "
"LOCATION  [Cancel]  type filter  arrows select  enter apply  esc cancel         "
