"Annual -   Band -                                                               "
"Status Ready                                                                    "
"┌System────────────────────────────────┐┌Estimate──────────────────────────────┐"
"│Name         Custom location          ││No estimate                           │"
"│Region                                ││                                      │"
"│Latitude     40.650                   ││                                      │"
"│Longitude    15.643                   ││                                      │"
"│Loss %       14.0                     ││                                      │"
"│Arrays       <; 3.75,15,90; 4.50,10,45││                                      │"
"│  format: kWp,tilt,az; repeat with ;  ││                                      │"
"│  total 12.00 kWp                     ││                                      │"
"│  A1  1.50 kWp  tilt 30.0  az   0.0 S ││                                      │"
"│  A2  2.25 kWp  tilt 20.0  az -90.0 E ││                                      │"
"│  A3  3.75 kWp  tilt 15.0  az  90.0 W ││                                      │"
"│  A4  4.50 kWp  tilt 10.0  az  45.0 SW││                                      │"
"│                                      ││                                      │"
"│Location                              ││                                      │"
"│Type at least 2 characters            ││                                      │"
"│                                      ││                                      │"
"│                                      ││                                      │"
"│                                      ││                                      │"
"│                                      ││                                      │"
"└──────────────────────────────────────┘└──────────────────────────────────────┘"
"EDIT  enter/tab apply estimate  esc close edit                                  "
