"┌[1] System────────────────────────────┐┌[4] Estimate──────────────────────────┐"
"│Name         Custom location          ││Annual kWh -                          │"
"│Region                                ││No estimate                           │"
"│Latitude     40.650                   ││                                      │"
"│Longitude    15.643                   ││                                      │"
"│Loss %       14.0                     ││                                      │"
"│EUR/kWh                               ││                                      │"
"│Storage kWh                           ││                                      │"
"│Arrays       [Edit]  4 arrays         ││                                      │"
"│  total 12.00 kWp                     ││                                      │"
"│  ID | kWp  | Tilt | Az     | Dir     ││                                      │"
"│  A1 | 1.50 | 30.0 | 0.0    | S       ││                                      │"
"│  A2 | 2.25 | 20.0 | -90.0  | E       ││                                      │"
"│  A3 | 3.75 | 15.0 | 90.0   | W       ││                                      │"
"│  A4 | 4.50 | 10.0 | 45.0   | SW      ││                                      │"
"│                                      ││                                      │"
"│                                      ││                                      │"
"│                                      ││                                      │"
"│                                      ││                                      │"
"│                                      ││                                      │"
"│                                      ││                                      │"
"└──────────────────────────────────────┘└──────────────────────────────────────┘"
"Status Ready                                                                    "
"EDIT  enter/tab apply estimate  esc close edit                                  "
