"┌[1] System────────────────────────────┐┌[4] Estimate──────────────────────────┐"
"│Name         Custom location          ││Annual kWh 1692 low..high 1548..1836  │"
"│Region                                ││Revenue €  372 low..high 341..404     │"
"│Latitude     40.650                   ││POA        1776.00 kWh/m2             │"
"│Longitude    15.643                   ││Sources    fixture-a, fixture-b       │"
"│Loss %       14.0                     ││                                      │"
"│EUR/kWh      0.22                     ││      | Monthly kWh   | Daily kWh     │"
"│Storage kWh                           ││Month | mean  min max | mean min max  │"
"│Arrays       [Edit]  1 array          ││Jan   | 86.0  74  98  | 2.8  2.4 3.2  │"
"│  total 1.00 kWp                      ││Feb   | 96.0  84  108 | 3.4  3.0 3.9  │"
"│  Name   | kWp  | Tilt | Az    | Dir  ││Mar   | 106.0 94  118 | 3.4  3.0 3.8  │"
"│  A1     | 1.00 | 30.0 | 0.0   | S    ││Apr   | 116.0 104 128 | 3.9  3.5 4.3  │"
"│                                      ││May   | 126.0 114 138 | 4.1  3.7 4.5  │"
"│                                      ││Jun   | 136.0 124 148 | 4.5  4.1 4.9  │"
"│                                      ││Jul   | 146.0 134 158 | 4.7  4.3 5.1  │"
"│                                      ││Aug   | 156.0 144 168 | 5.0  4.6 5.4  │"
"│                                      ││Sep   | 166.0 154 178 | 5.5  5.1 5.9  │"
"│                                      ││Oct   | 176.0 164 188 | 5.7  5.3 6.1  │"
"│                                      ││Nov   | 186.0 174 198 | 6.2  5.8 6.6  │"
"│                                      ││Dec   | 196.0 184 208 | 6.3  5.9 6.7  │"
"│                                      ││                                      │"
"└──────────────────────────────────────┘└──────────────────────────────────────┘"
"Status Ready                                                                    "
"NORMAL  1-4 panels  tab focus  enter edit/run  e estimate  r simulate  q/esc    "
