"┌Load Shape────────────────────────────────────────────────────────────────────┐"
"│Mode         Custom                                                           │"
"│Shape        custom hourly  total 20.07                                       │"
"│                                                                              │"
"│Hourly weights                                                                │"
"│00: 0.55         01: 0.45         02: 0.40         03: 0.38                   │"
"│04: 0.40         05: 0.55         06: 0.85         07: 1.05                   │"
"│08: 0.95         09: 0.80         10: 0.72         11: 0.70                   │"
"│12: 0.76         13: 0.78         14: 0.82         15: 0.90                   │"
"│16: 1.08         17: 1.35         18: 1.55         19: 1.45                   │"
"│20: 1.20         21: 0.95         22: 0.78         23: 0.65                   │"
"│                                                                              │"
"│                                                                              │"
"│                                                                              │"
"│                                                                              │"
"│                                                                              │"
"│                                                                              │"
"│                                                                              │"
"│                                                                              │"
"│                                                                              │"
"│                                                                              │"
"└──────────────────────────────────────────────────────────────────────────────┘"
"Status Ready                                                                    "
"SHAPE  [Done]  [Preset]  [Custom]  arrows select  enter edit  p presets  c custo"
