"┌Load Shape────────────────────────────────────────────────────────────────────┐"
"│Mode         Custom                                                           │"
"│Shape        ┌Preset────────────────────┐                                     │"
"│             │  residential_default     │                                     │"
"│Hourly weight│  flat                    │                                     │"
"│00: 0.55     │  daytime                 │0         03: 0.38                   │"
"│04: 0.40     │  evening                 │5         07: 1.05                   │"
"│08: 0.95     └──────────────────────────┘2         11: 0.70                   │"
"│12: 0.76         13: 0.78         14: 0.82         15: 0.90                   │"
"│16: 1.08         17: 1.35         18: 1.55         19: 1.45                   │"
"│20: 1.20         21: 0.95         22: 0.78         23: 0.65                   │"
"│                                                                              │"
"│                                                                              │"
"│                                                                              │"
"│                                                                              │"
"│                                                                              │"
"│                                                                              │"
"│                                                                              │"
"│                                                                              │"
"│                                                                              │"
"│                                                                              │"
"└──────────────────────────────────────────────────────────────────────────────┘"
"Status Select a load shape preset                                               "
"SHAPE  [Done]  [Preset]  [Custom]  arrows enter apply  esc dismiss              "
