"┌[1] System────────────────────────────┐┌[3] Simulation────────────────────────┐"
"│Name         Custom location          ││Runs         ┌Runs──────────────────┐ │"
"│Region                                ││Run          │  10^3         1_000  │ │"
"│Latitude     40.650                   ││             │* 10^4        10_000  │ │"
"│Longitude    15.643                   ││Status     Se│  10^5       100_000  │ │"
"│Loss %       14.0                     ││Import     - │  10^6     1_000_000  │ │"
"│EUR/kWh                               ││Export     - │  10^7    10_000_000  │ │"
"│Storage kWh                           ││Self use   - │  10^8   100_000_000  │ │"
"│Arrays       [Edit]  1 array          ││             │  10^9 1_000_000_000  │ │"
"│  total 1.00 kWp                      ││             └──────────────────────┘ │"
"│  Name   | kWp  | Tilt | Az    | Dir  │└──────────────────────────────────────┘"
"│  A1     | 1.00 | 30.0 | 0.0   | S    │┌[4] Estimate──────────────────────────┐"
"│                                      ││Annual kWh -                          │"
"│                                      ││No estimate                           │"
"│                                      ││                                      │"
"│                                      ││                                      │"
"│                                      ││                                      │"
"│                                      ││                                      │"
"│                                      ││                                      │"
"│                                      ││                                      │"
"│                                      ││                                      │"
"└──────────────────────────────────────┘└──────────────────────────────────────┘"
"Status Select simulation runs                                                   "
"RUNS  arrows select  enter apply  esc dismiss                                   "
